statie=Cluj-Napoca
zile=8
zile invalide=1
date=2026-09-28,2026-09-29,2026-09-30,2026-10-01,2026-10-02,2026-10-04,2026-10-05,2026-10-06
cea_mai_calda=2026-09-29 max=23.7
ploaie=16.1
top3=2026-09-29,2026-09-28,2026-10-04
cautare 2026-10-02 max=18.5
descriere 2026-10-02: 18.5 / 6.9 C, 0.0 mm

statie=Varful Omu
fara date
zile invalide=1

statie=Miercurea Ciuc
zile=7
zile invalide=0
date=2025-12-30,2025-12-31,2026-01-01,2026-01-15,2026-01-31,2026-02-01,2026-02-14
cea_mai_calda=2026-02-14 max=-0.9
ploaie=7.4
top3=2026-02-14,2026-01-15,2025-12-30
cautare 2026-10-02 negasit

